[22:10:01] [main/INFO]: Loading Minecraft 26.2 with Fabric Loader 0.19.3
[22:10:01] [main/INFO]: Mappings not present!
[22:10:01] [main/INFO]: Loading 4 mods:
	- fabricloader 0.19.3
	   \-- mixinextras 0.5.4
	- java 25
	- minecraft 26.2
[22:10:02] [main/INFO]: SpongePowered MIXIN Subsystem Version=0.8.7 Source=file:/C:/Users/TastyPommesLul/Documents/devstuff/fsi/server/libraries/net/fabricmc/sponge-mixin/0.17.3+mixin.0.8.7/sponge-mixin-0.17.3+mixin.0.8.7.jar Service=Knot/Fabric Env=SERVER
[22:10:05] [main/ERROR]: Failed to load properties from file: server.properties
java.nio.file.NoSuchFileException: server.properties
	at java.base/sun.nio.fs.WindowsException.translateToIOException(WindowsException.java:87)
	at java.base/sun.nio.fs.WindowsException.rethrowAsIOException(WindowsException.java:106)
	at java.base/sun.nio.fs.WindowsException.rethrowAsIOException(WindowsException.java:112)
	at java.base/sun.nio.fs.WindowsFileSystemProvider.newByteChannel(WindowsFileSystemProvider.java:231)
	at java.base/java.nio.file.Files.newByteChannel(Files.java:357)
	at java.base/java.nio.file.Files.newByteChannel(Files.java:399)
	at java.base/java.nio.file.spi.FileSystemProvider.newInputStream(FileSystemProvider.java:371)
	at java.base/java.nio.file.Files.newInputStream(Files.java:154)
	at knot//net.minecraft.server.dedicated.Settings.loadFromFile(Settings.java:62)
	at knot//net.minecraft.server.dedicated.DedicatedServerProperties.fromFile(DedicatedServerProperties.java:156)
	at knot//net.minecraft.server.dedicated.DedicatedServerSettings.<init>(DedicatedServerSettings.java:12)
	at knot//net.minecraft.server.Main.main(Main.java:117)
	at net.fabricmc.loader.impl.game.minecraft.MinecraftGameProvider.launch(MinecraftGameProvider.java:514)
	at net.fabricmc.loader.impl.launch.knot.Knot.launch(Knot.java:72)
	at net.fabricmc.loader.impl.launch.knot.KnotServer.main(KnotServer.java:23)
	at net.fabricmc.loader.impl.launch.server.FabricServerLauncher.main(FabricServerLauncher.java:69)
	at net.fabricmc.installer.ServerLauncher.main(ServerLauncher.java:69)
[22:10:06] [main/INFO]: Environment: Environment[sessionHost=https://sessionserver.mojang.com, servicesHost=https://api.minecraftservices.com, profilesHost=https://api.mojang.com, name=PROD]
[22:10:06] [Worker-Main-4/INFO]: No existing world data, creating new world
[22:10:07] [main/INFO]: Loaded 1585 recipes
[22:10:07] [main/INFO]: Loaded 1688 advancements
[22:10:07] [Server thread/INFO]: Starting minecraft server version 26.2
[22:10:07] [Server thread/INFO]: Loading properties
[22:10:07] [Server thread/INFO]: Default game type: SURVIVAL
[22:10:07] [Server thread/INFO]: Generating keypair
[22:10:07] [Server thread/INFO]: Starting Minecraft server on *:25565
[22:10:07] [Server thread/INFO]: Preparing level "world"
[22:10:07] [Server thread/INFO]: Selecting global world spawn...
[22:10:09] [Server thread/INFO]: Loading 0 persistent chunks...
[22:10:09] [Server thread/INFO]: Preparing spawn area: 100%
[22:10:09] [Server thread/INFO]: Time elapsed: 1982 ms
[22:10:09] [Server thread/INFO]: Done (2.177s)! For help, type "help"
[22:10:09] [Server thread/INFO]: Saving chunks for level 'ServerLevel[world]'/minecraft:overworld
[22:10:09] [Server thread/INFO]: Saving chunks for level 'ServerLevel[world]'/minecraft:the_end
[22:10:09] [Server thread/INFO]: Saving chunks for level 'ServerLevel[world]'/minecraft:the_nether
[22:10:09] [Server thread/INFO]: ThreadedAnvilChunkStorage (world): All chunks are saved
[22:10:09] [Server thread/INFO]: ThreadedAnvilChunkStorage (DIM1): All chunks are saved
[22:10:09] [Server thread/INFO]: ThreadedAnvilChunkStorage (DIM-1): All chunks are saved
[22:10:09] [Server thread/INFO]: ThreadedAnvilChunkStorage: All dimensions are saved
[22:10:14] [Server thread/INFO]: Stopping the server
[22:10:14] [Server thread/INFO]: Stopping server
[22:10:14] [Server thread/INFO]: Saving players
[22:10:14] [Server thread/INFO]: Saving worlds
[22:10:14] [Server thread/INFO]: Saving chunks for level 'ServerLevel[world]'/minecraft:overworld
[22:10:14] [Server thread/INFO]: Saving chunks for level 'ServerLevel[world]'/minecraft:the_end
[22:10:14] [Server thread/INFO]: Saving chunks for level 'ServerLevel[world]'/minecraft:the_nether
[22:10:14] [Server thread/INFO]: ThreadedAnvilChunkStorage (world): All chunks are saved
[22:10:14] [Server thread/INFO]: ThreadedAnvilChunkStorage (DIM1): All chunks are saved
[22:10:14] [Server thread/INFO]: ThreadedAnvilChunkStorage (DIM-1): All chunks are saved
[22:10:14] [Server thread/INFO]: ThreadedAnvilChunkStorage: All dimensions are saved
